"Failed password for root from 192.168.1.100" 
"Failed password for root from 192.168.1.100" 
"Failed password for root from 192.168.1.100" 
"Failed password for root from 192.168.1.100" 
"Failed password for root from 192.168.1.100" 
"Failed password for root from 192.168.1.100" 
